###############################################################################
#
# IAR ELF Linker V9.20.1.318/W64 for ARM                  24/Jan/2024  13:31:52
# Copyright 2007-2021 IAR Systems AB.
#
#    Output file  =
#        C:\stm32_progi\HAL\HAL_ENCOD_DAC\EWARM\HAL_ENCOD_DAC\Exe\HAL_ENCOD_DAC.out
#    Map file     =
#        C:\stm32_progi\HAL\HAL_ENCOD_DAC\EWARM\HAL_ENCOD_DAC\List\HAL_ENCOD_DAC.map
#    Command line =
#        -f
#        C:\stm32_progi\HAL\HAL_ENCOD_DAC\EWARM\HAL_ENCOD_DAC\Exe\HAL_ENCOD_DAC.out.rsp
#        (C:\stm32_progi\HAL\HAL_ENCOD_DAC\EWARM\HAL_ENCOD_DAC\Obj\Application\User\Core\main.o
#        C:\stm32_progi\HAL\HAL_ENCOD_DAC\EWARM\HAL_ENCOD_DAC\Obj\Application\EWARM\startup_stm32f100xb.o
#        C:\stm32_progi\HAL\HAL_ENCOD_DAC\EWARM\HAL_ENCOD_DAC\Obj\Drivers\STM32F1xx_HAL_Driver\stm32f1xx_hal.o
#        C:\stm32_progi\HAL\HAL_ENCOD_DAC\EWARM\HAL_ENCOD_DAC\Obj\Drivers\STM32F1xx_HAL_Driver\stm32f1xx_hal_cortex.o
#        C:\stm32_progi\HAL\HAL_ENCOD_DAC\EWARM\HAL_ENCOD_DAC\Obj\Drivers\STM32F1xx_HAL_Driver\stm32f1xx_hal_dac.o
#        C:\stm32_progi\HAL\HAL_ENCOD_DAC\EWARM\HAL_ENCOD_DAC\Obj\Drivers\STM32F1xx_HAL_Driver\stm32f1xx_hal_dac_ex.o
#        C:\stm32_progi\HAL\HAL_ENCOD_DAC\EWARM\HAL_ENCOD_DAC\Obj\Drivers\STM32F1xx_HAL_Driver\stm32f1xx_hal_dma.o
#        C:\stm32_progi\HAL\HAL_ENCOD_DAC\EWARM\HAL_ENCOD_DAC\Obj\Drivers\STM32F1xx_HAL_Driver\stm32f1xx_hal_exti.o
#        C:\stm32_progi\HAL\HAL_ENCOD_DAC\EWARM\HAL_ENCOD_DAC\Obj\Drivers\STM32F1xx_HAL_Driver\stm32f1xx_hal_flash.o
#        C:\stm32_progi\HAL\HAL_ENCOD_DAC\EWARM\HAL_ENCOD_DAC\Obj\Drivers\STM32F1xx_HAL_Driver\stm32f1xx_hal_flash_ex.o
#        C:\stm32_progi\HAL\HAL_ENCOD_DAC\EWARM\HAL_ENCOD_DAC\Obj\Drivers\STM32F1xx_HAL_Driver\stm32f1xx_hal_gpio.o
#        C:\stm32_progi\HAL\HAL_ENCOD_DAC\EWARM\HAL_ENCOD_DAC\Obj\Drivers\STM32F1xx_HAL_Driver\stm32f1xx_hal_gpio_ex.o
#        C:\stm32_progi\HAL\HAL_ENCOD_DAC\EWARM\HAL_ENCOD_DAC\Obj\Application\User\Core\stm32f1xx_hal_msp.o
#        C:\stm32_progi\HAL\HAL_ENCOD_DAC\EWARM\HAL_ENCOD_DAC\Obj\Drivers\STM32F1xx_HAL_Driver\stm32f1xx_hal_pwr.o
#        C:\stm32_progi\HAL\HAL_ENCOD_DAC\EWARM\HAL_ENCOD_DAC\Obj\Drivers\STM32F1xx_HAL_Driver\stm32f1xx_hal_rcc.o
#        C:\stm32_progi\HAL\HAL_ENCOD_DAC\EWARM\HAL_ENCOD_DAC\Obj\Drivers\STM32F1xx_HAL_Driver\stm32f1xx_hal_rcc_ex.o
#        C:\stm32_progi\HAL\HAL_ENCOD_DAC\EWARM\HAL_ENCOD_DAC\Obj\Drivers\STM32F1xx_HAL_Driver\stm32f1xx_hal_tim.o
#        C:\stm32_progi\HAL\HAL_ENCOD_DAC\EWARM\HAL_ENCOD_DAC\Obj\Drivers\STM32F1xx_HAL_Driver\stm32f1xx_hal_tim_ex.o
#        C:\stm32_progi\HAL\HAL_ENCOD_DAC\EWARM\HAL_ENCOD_DAC\Obj\Application\User\Core\stm32f1xx_it.o
#        C:\stm32_progi\HAL\HAL_ENCOD_DAC\EWARM\HAL_ENCOD_DAC\Obj\Drivers\CMSIS\system_stm32f1xx.o
#        --no_out_extension -o
#        C:\stm32_progi\HAL\HAL_ENCOD_DAC\EWARM\HAL_ENCOD_DAC\Exe\HAL_ENCOD_DAC.out
#        --redirect _Printf=_PrintfFullNoMb --redirect _Scanf=_ScanfFullNoMb
#        --map
#        C:\stm32_progi\HAL\HAL_ENCOD_DAC\EWARM\HAL_ENCOD_DAC\List\HAL_ENCOD_DAC.map
#        --config C:\stm32_progi\HAL\HAL_ENCOD_DAC\EWARM/stm32f100xb_flash.icf
#        --semihosting --entry __iar_program_start --vfe --text_out locale)
#
###############################################################################

*******************************************************************************
*** RUNTIME MODEL ATTRIBUTES
***

CppFlavor       = *
__CPP_Runtime   = 1
__SystemLibrary = DLib
__dlib_version  = 6


*******************************************************************************
*** HEAP SELECTION
***

The basic heap was selected because no calls to memory allocation
functions were found in the application outside of system library
functions, and there are calls to deallocation functions in the
application.


*******************************************************************************
*** PLACEMENT SUMMARY
***

"A0":  place at address 0x800'0000 { ro section .intvec };
"P1":  place in [from 0x800'0000 to 0x801'ffff] { ro };
define block CSTACK with size = 1K, alignment = 8 { };
define block HEAP with size = 512, alignment = 8 { };
"P2":  place in [from 0x2000'0000 to 0x2000'1fff] {
          rw, block CSTACK, block HEAP };
initialize by copy { rw };

  Section            Kind         Address    Size  Object
  -------            ----         -------    ----  ------
"A0":                                       0x120
  .intvec            ro code   0x800'0000   0x120  startup_stm32f100xb.o [1]
                             - 0x800'0120   0x120

"P1":                                      0x28e6
  .text              ro code   0x800'0120   0x584  stm32f1xx_hal_rcc.o [4]
  .text              ro code   0x800'06a4     0xc  stm32f1xx_hal.o [4]
  .text              ro code   0x800'06b0    0x4c  stm32f1xx_hal.o [4]
  .text              ro code   0x800'06fc   0x12c  stm32f1xx_hal_cortex.o [4]
  .text              ro code   0x800'0828   0x4fa  stm32f1xx_hal_tim.o [4]
  .text              ro code   0x800'0d22    0x2a  copy_init3.o [7]
  .text              ro code   0x800'0d4c   0x190  stm32f1xx_hal_msp.o [2]
  .text              ro code   0x800'0edc     0x2  stm32f1xx_hal_tim.o [4]
  .text              ro code   0x800'0ede     0x2  stm32f1xx_hal_tim.o [4]
  .text              ro code   0x800'0ee0     0x2  stm32f1xx_hal_tim.o [4]
  .text              ro code   0x800'0ee2     0x2  stm32f1xx_hal_tim.o [4]
  .text              ro code   0x800'0ee4     0x2  stm32f1xx_hal_tim_ex.o [4]
  .text              ro code   0x800'0ee6     0x2  stm32f1xx_hal_tim.o [4]
  .text              ro code   0x800'0ee8     0x2  stm32f1xx_hal_tim_ex.o [4]
  .text              ro code   0x800'0eea    0x14  memset.o [7]
  .text              ro code   0x800'0f00   0x1f0  stm32f1xx_hal_gpio.o [4]
  .text              ro code   0x800'10f0   0x29c  stm32f1xx_hal_dma.o [4]
  .text              ro code   0x800'138c   0x318  main.o [2]
  .text              ro code   0x800'16a4    0x66  ABImemset.o [7]
  .text              ro code   0x800'170c    0x22  S32ToDbl.o [6]
  .text              ro code   0x800'1730   0x1aa  DblMul.o [6]
  .text              ro code   0x800'18dc   0x246  DblDiv.o [6]
  .text              ro code   0x800'1b24   0x3ec  cos_sin64.o [6]
  .text              ro code   0x800'1f10    0x68  DblToFlt.o [6]
  .text              ro code   0x800'1f78    0xd8  FltMul.o [6]
  .text              ro code   0x800'2050    0x1a  U32ToFlt.o [6]
  .text              ro code   0x800'206c   0x162  FltAddSub.o [6]
  .text              ro code   0x800'21d0    0x26  FltToS32.o [6]
  .text              ro code   0x800'21f8    0x16  stm32f1xx_hal.o [4]
  .text              ro code   0x800'2210   0x244  stm32f1xx_hal_dac.o [4]
  .text              ro code   0x800'2454    0x84  stm32f1xx_hal_tim_ex.o [4]
  .text              ro code   0x800'24d8    0x34  DblCmpLe.o [6]
  .text              ro code   0x800'250c   0x24e  DblAddSub.o [6]
  .text              ro code   0x800'275c    0x36  DblToS32.o [6]
  .text              ro code   0x800'2792     0x2  stm32f1xx_hal_dac.o [4]
  .text              ro code   0x800'2794     0x2  stm32f1xx_hal_dac_ex.o [4]
  .text              ro code   0x800'2796     0x2  stm32f1xx_hal_dac.o [4]
  .text              ro code   0x800'2798     0x2  stm32f1xx_hal_dac.o [4]
  .text              ro code   0x800'279a     0x2  stm32f1xx_hal_dac.o [4]
  .text              ro code   0x800'279c    0x40  stm32f1xx_it.o [2]
  .text              ro code   0x800'27dc    0x18  stm32f1xx_hal.o [4]
  .text              ro code   0x800'27f4    0x38  zero_init3.o [7]
  .text              ro code   0x800'282c    0x32  stm32f1xx_hal_dac_ex.o [4]
  .text              ro code   0x800'285e     0x2  stm32f1xx_hal_dac_ex.o [4]
  .text              ro code   0x800'2860     0x2  stm32f1xx_hal_dac_ex.o [4]
  .text              ro code   0x800'2862     0x2  stm32f1xx_hal_dac_ex.o [4]
  .text              ro code   0x800'2864    0x28  data_init.o [7]
  .iar.init_table    const     0x800'288c    0x24  - Linker created -
  .text              ro code   0x800'28b0    0x1e  cmain.o [7]
  .text              ro code   0x800'28ce     0x4  low_level_init.o [5]
  .text              ro code   0x800'28d2     0x4  exit.o [5]
  .text              ro code   0x800'28d8     0xa  cexit.o [7]
  .text              ro code   0x800'28e4    0x14  exit.o [8]
  .text              ro code   0x800'28f8    0x1c  cstartup_M.o [7]
  Initializer bytes  const     0x800'2914    0x14  <for P2-1>
  .rodata            const     0x800'2928    0x10  stm32f1xx_hal_rcc.o [4]
  .rodata            const     0x800'2938    0x10  stm32f1xx_hal_rcc.o [4]
  .rodata            const     0x800'2948    0x10  system_stm32f1xx.o [3]
  .text              ro code   0x800'2958    0x10  startup_stm32f100xb.o [1]
  .text              ro code   0x800'2968     0x4  startup_stm32f100xb.o [1]
  .text              ro code   0x800'296c     0x4  startup_stm32f100xb.o [1]
  .text              ro code   0x800'2970     0x4  startup_stm32f100xb.o [1]
  .text              ro code   0x800'2974     0x4  startup_stm32f100xb.o [1]
  .text              ro code   0x800'2978     0x4  startup_stm32f100xb.o [1]
  .text              ro code   0x800'297c     0x4  startup_stm32f100xb.o [1]
  .text              ro code   0x800'2980     0x4  startup_stm32f100xb.o [1]
  .text              ro code   0x800'2984     0x4  startup_stm32f100xb.o [1]
  .text              ro code   0x800'2988     0x4  startup_stm32f100xb.o [1]
  .text              ro code   0x800'298c     0x4  startup_stm32f100xb.o [1]
  .text              ro code   0x800'2990     0x4  startup_stm32f100xb.o [1]
  .text              ro code   0x800'2994     0x4  startup_stm32f100xb.o [1]
  .text              ro code   0x800'2998     0x4  startup_stm32f100xb.o [1]
  .text              ro code   0x800'299c     0x4  startup_stm32f100xb.o [1]
  .text              ro code   0x800'29a0     0x4  startup_stm32f100xb.o [1]
  .text              ro code   0x800'29a4     0x4  startup_stm32f100xb.o [1]
  .text              ro code   0x800'29a8     0x4  startup_stm32f100xb.o [1]
  .text              ro code   0x800'29ac     0x4  startup_stm32f100xb.o [1]
  .text              ro code   0x800'29b0     0x4  startup_stm32f100xb.o [1]
  .text              ro code   0x800'29b4     0x4  startup_stm32f100xb.o [1]
  .text              ro code   0x800'29b8     0x4  startup_stm32f100xb.o [1]
  .text              ro code   0x800'29bc     0x4  startup_stm32f100xb.o [1]
  .text              ro code   0x800'29c0     0x4  startup_stm32f100xb.o [1]
  .text              ro code   0x800'29c4     0x4  startup_stm32f100xb.o [1]
  .text              ro code   0x800'29c8     0x4  startup_stm32f100xb.o [1]
  .text              ro code   0x800'29cc     0x4  startup_stm32f100xb.o [1]
  .text              ro code   0x800'29d0     0x4  startup_stm32f100xb.o [1]
  .text              ro code   0x800'29d4     0x4  startup_stm32f100xb.o [1]
  .text              ro code   0x800'29d8     0x4  startup_stm32f100xb.o [1]
  .text              ro code   0x800'29dc     0x4  startup_stm32f100xb.o [1]
  .text              ro code   0x800'29e0     0x4  startup_stm32f100xb.o [1]
  .text              ro code   0x800'29e4     0x4  startup_stm32f100xb.o [1]
  .text              ro code   0x800'29e8     0x4  startup_stm32f100xb.o [1]
  .text              ro code   0x800'29ec     0x4  startup_stm32f100xb.o [1]
  .text              ro code   0x800'29f0     0x4  startup_stm32f100xb.o [1]
  .text              ro code   0x800'29f4     0x4  startup_stm32f100xb.o [1]
  .text              ro code   0x800'29f8     0x4  startup_stm32f100xb.o [1]
  .text              ro code   0x800'29fc     0x4  startup_stm32f100xb.o [1]
  .text              ro code   0x800'2a00     0x4  startup_stm32f100xb.o [1]
  .text              ro code   0x800'2a04     0x2  system_stm32f1xx.o [3]
  .rodata            const     0x800'2a06     0x0  zero_init3.o [7]
  .rodata            const     0x800'2a06     0x0  copy_init3.o [7]
                             - 0x800'2a06  0x28e6

"P2", part 1 of 3:                           0x14
  P2-1                        0x2000'0000    0x13  <Init block>
    .data            inited   0x2000'0000     0x4  main.o [2]
    .data            inited   0x2000'0004     0x4  main.o [2]
    .data            inited   0x2000'0008     0x4  stm32f1xx_hal.o [4]
    .data            inited   0x2000'000c     0x4  system_stm32f1xx.o [3]
    .data            inited   0x2000'0010     0x2  main.o [2]
    .data            inited   0x2000'0012     0x1  stm32f1xx_hal.o [4]
                            - 0x2000'0013    0x13

"P2", part 2 of 3:                          0x2f0
  .bss               zero     0x2000'0014   0x200  main.o [2]
  .bss               zero     0x2000'0214    0x48  main.o [2]
  .bss               zero     0x2000'025c    0x48  main.o [2]
  .bss               zero     0x2000'02a4    0x44  main.o [2]
  .bss               zero     0x2000'02e8    0x14  main.o [2]
  .bss               zero     0x2000'02fc     0x4  stm32f1xx_hal.o [4]
  .bss               zero     0x2000'0300     0x2  main.o [2]
                            - 0x2000'0302   0x2ee

"P2", part 3 of 3:                          0x400
  CSTACK                      0x2000'0308   0x400  <Block>
    CSTACK           uninit   0x2000'0308   0x400  <Block tail>
                            - 0x2000'0708   0x400

Unused ranges:

         From           To      Size
         ----           --      ----
   0x800'2a06   0x801'ffff  0x1'd5fa
  0x2000'0304  0x2000'0307       0x4
  0x2000'0708  0x2000'1fff    0x18f8


*******************************************************************************
*** INIT TABLE
***

          Address      Size
          -------      ----
Zero (__iar_zero_init3)
    1 destination range, total size 0x2ee:
          0x2000'0014  0x2ee

Copy (__iar_copy_init3)
    1 source range, total size 0x14 (105% of destination):
           0x800'2914   0x14
    1 destination range, total size 0x13:
          0x2000'0000   0x13



*******************************************************************************
*** MODULE SUMMARY
***

    Module                  ro code  ro data  rw data
    ------                  -------  -------  -------
command line/config:
    -------------------------------------------------
    Total:

C:\stm32_progi\HAL\HAL_ENCOD_DAC\EWARM\HAL_ENCOD_DAC\Obj\Application\EWARM: [1]
    startup_stm32f100xb.o       460
    -------------------------------------------------
    Total:                      460

C:\stm32_progi\HAL\HAL_ENCOD_DAC\EWARM\HAL_ENCOD_DAC\Obj\Application\User\Core: [2]
    main.o                      792       10      756
    stm32f1xx_hal_msp.o         400
    stm32f1xx_it.o               64
    -------------------------------------------------
    Total:                    1'256       10      756

C:\stm32_progi\HAL\HAL_ENCOD_DAC\EWARM\HAL_ENCOD_DAC\Obj\Drivers\CMSIS: [3]
    system_stm32f1xx.o            2       20        4
    -------------------------------------------------
    Total:                        2       20        4

C:\stm32_progi\HAL\HAL_ENCOD_DAC\EWARM\HAL_ENCOD_DAC\Obj\Drivers\STM32F1xx_HAL_Driver: [4]
    stm32f1xx_hal.o             134        5        9
    stm32f1xx_hal_cortex.o      300
    stm32f1xx_hal_dac.o         588
    stm32f1xx_hal_dac_ex.o       58
    stm32f1xx_hal_dma.o         668
    stm32f1xx_hal_gpio.o        496
    stm32f1xx_hal_rcc.o       1'412       32
    stm32f1xx_hal_tim.o       1'284
    stm32f1xx_hal_tim_ex.o      136
    -------------------------------------------------
    Total:                    5'076       37        9

dl7M_tln.a: [5]
    exit.o                        4
    low_level_init.o              4
    -------------------------------------------------
    Total:                        8

m7M_tl.a: [6]
    DblAddSub.o                 590
    DblCmpLe.o                   52
    DblDiv.o                    582
    DblMul.o                    426
    DblToFlt.o                  104
    DblToS32.o                   54
    FltAddSub.o                 354
    FltMul.o                    216
    FltToS32.o                   38
    S32ToDbl.o                   34
    U32ToFlt.o                   26
    cos_sin64.o               1'004
    -------------------------------------------------
    Total:                    3'480

rt7M_tl.a: [7]
    ABImemset.o                 102
    cexit.o                      10
    cmain.o                      30
    copy_init3.o                 42
    cstartup_M.o                 28
    data_init.o                  40
    memset.o                     20
    zero_init3.o                 56
    -------------------------------------------------
    Total:                      328

shb_l.a: [8]
    exit.o                       20
    -------------------------------------------------
    Total:                       20

    Gaps                         24
    Linker created                        37    1'024
-----------------------------------------------------
    Grand Total:             10'654      104    1'793


*******************************************************************************
*** ENTRY LIST
***

Entry                       Address   Size  Type      Object
-----                       -------   ----  ----      ------
.iar.init_table$$Base    0x800'288c          --   Gb  - Linker created -
.iar.init_table$$Limit   0x800'28b0          --   Gb  - Linker created -
?main                    0x800'28b1         Code  Gb  cmain.o [7]
AHBPrescTable            0x800'2948   0x10  Data  Gb  system_stm32f1xx.o [3]
Amplitude_sin           0x2000'0010    0x2  Data  Gb  main.o [2]
BusFault_Handler         0x800'27a3    0x2  Code  Gb  stm32f1xx_it.o [2]
CSTACK$$Base            0x2000'0308          --   Gb  - Linker created -
CSTACK$$Limit           0x2000'0708          --   Gb  - Linker created -
Coef_Pow_Sin            0x2000'0004    0x4  Data  Gb  main.o [2]
DAC_DMAConvCpltCh1       0x800'2421   0x10  Code  Gb  stm32f1xx_hal_dac.o [4]
DAC_DMAConvCpltCh2       0x800'282d   0x10  Code  Gb  stm32f1xx_hal_dac_ex.o [4]
DAC_DMAErrorCh1          0x800'243d   0x18  Code  Gb  stm32f1xx_hal_dac.o [4]
DAC_DMAErrorCh2          0x800'2847   0x18  Code  Gb  stm32f1xx_hal_dac_ex.o [4]
DAC_DMAHalfConvCpltCh1   0x800'2431    0xa  Code  Gb  stm32f1xx_hal_dac.o [4]
DAC_DMAHalfConvCpltCh2   0x800'283d    0xa  Code  Gb  stm32f1xx_hal_dac_ex.o [4]
DMA1_Channel3_IRQHandler
                         0x800'27b5    0xa  Code  Gb  stm32f1xx_it.o [2]
DMA_SetConfig            0x800'1361   0x2c  Code  Lc  stm32f1xx_hal_dma.o [4]
DebugMon_Handler         0x800'27a9    0x2  Code  Gb  stm32f1xx_it.o [2]
Error_Handler            0x800'16a1    0x4  Code  Gb  main.o [2]
HAL_DACEx_DMAUnderrunCallbackCh2
                         0x800'2795    0x2  Code  Wk  stm32f1xx_hal_dac_ex.o [4]
HAL_DAC_ConfigChannel    0x800'23b7   0x6a  Code  Gb  stm32f1xx_hal_dac.o [4]
HAL_DAC_IRQHandler       0x800'234d   0x6a  Code  Gb  stm32f1xx_hal_dac.o [4]
HAL_DAC_Init             0x800'2211   0x2c  Code  Gb  stm32f1xx_hal_dac.o [4]
HAL_DAC_MspInit          0x800'0d89   0xa6  Code  Gb  stm32f1xx_hal_msp.o [2]
HAL_DAC_Start_DMA        0x800'223d  0x104  Code  Gb  stm32f1xx_hal_dac.o [4]
HAL_DMA_IRQHandler       0x800'11d9  0x162  Code  Gb  stm32f1xx_hal_dma.o [4]
HAL_DMA_Init             0x800'10f1   0x64  Code  Gb  stm32f1xx_hal_dma.o [4]
HAL_DMA_Start_IT         0x800'1155   0x84  Code  Gb  stm32f1xx_hal_dma.o [4]
HAL_GPIO_Init            0x800'0f01  0x1b0  Code  Gb  stm32f1xx_hal_gpio.o [4]
HAL_GetTick              0x800'06a5    0xc  Code  Wk  stm32f1xx_hal.o [4]
HAL_IncTick              0x800'27dd   0x18  Code  Wk  stm32f1xx_hal.o [4]
HAL_Init                 0x800'21f9   0x16  Code  Gb  stm32f1xx_hal.o [4]
HAL_InitTick             0x800'06b1   0x4c  Code  Wk  stm32f1xx_hal.o [4]
HAL_MspInit              0x800'0d4d   0x3c  Code  Gb  stm32f1xx_hal_msp.o [2]
HAL_NVIC_EnableIRQ       0x800'07f5    0xa  Code  Gb  stm32f1xx_hal_cortex.o [4]
HAL_NVIC_SetPriority     0x800'07d3   0x22  Code  Gb  stm32f1xx_hal_cortex.o [4]
HAL_NVIC_SetPriorityGrouping
                         0x800'07cb    0x8  Code  Gb  stm32f1xx_hal_cortex.o [4]
HAL_RCC_ClockConfig      0x800'04f7   0xf6  Code  Gb  stm32f1xx_hal_rcc.o [4]
HAL_RCC_GetSysClockFreq
                         0x800'05ed   0x4c  Code  Gb  stm32f1xx_hal_rcc.o [4]
HAL_RCC_GetSysClockFreq::aPLLMULFactorTable
                         0x800'2928   0x10  Data  Lc  stm32f1xx_hal_rcc.o [4]
HAL_RCC_GetSysClockFreq::aPredivFactorTable
                         0x800'2938   0x10  Data  Lc  stm32f1xx_hal_rcc.o [4]
HAL_RCC_OscConfig        0x800'0121  0x3d6  Code  Gb  stm32f1xx_hal_rcc.o [4]
HAL_SYSTICK_Config       0x800'07ff    0x8  Code  Gb  stm32f1xx_hal_cortex.o [4]
HAL_TIMEx_BreakCallback
                         0x800'0ee5    0x2  Code  Wk  stm32f1xx_hal_tim_ex.o [4]
HAL_TIMEx_CommutCallback
                         0x800'0ee9    0x2  Code  Wk  stm32f1xx_hal_tim_ex.o [4]
HAL_TIMEx_MasterConfigSynchronization
                         0x800'2455   0x74  Code  Gb  stm32f1xx_hal_tim_ex.o [4]
HAL_TIM_Base_Init        0x800'0829   0x6e  Code  Gb  stm32f1xx_hal_tim.o [4]
HAL_TIM_Base_MspInit     0x800'0e87   0x30  Code  Gb  stm32f1xx_hal_msp.o [2]
HAL_TIM_Base_Start       0x800'0897   0x6c  Code  Gb  stm32f1xx_hal_tim.o [4]
HAL_TIM_Encoder_Init     0x800'0915   0xca  Code  Gb  stm32f1xx_hal_tim.o [4]
HAL_TIM_Encoder_MspInit
                         0x800'0e2f   0x58  Code  Gb  stm32f1xx_hal_msp.o [2]
HAL_TIM_Encoder_Start    0x800'09e1   0xe2  Code  Gb  stm32f1xx_hal_tim.o [4]
HAL_TIM_IRQHandler       0x800'0ad5  0x176  Code  Gb  stm32f1xx_hal_tim.o [4]
HardFault_Handler        0x800'279f    0x2  Code  Gb  stm32f1xx_it.o [2]
MX_DAC_Init              0x800'1501   0x3c  Code  Lc  main.o [2]
MX_DMA_Init              0x800'160b   0x28  Code  Lc  main.o [2]
MX_GPIO_Init             0x800'1633   0x2c  Code  Lc  main.o [2]
MX_TIM2_Init             0x800'153d   0x84  Code  Lc  main.o [2]
MX_TIM6_Init             0x800'15c1   0x4a  Code  Lc  main.o [2]
MemManage_Handler        0x800'27a1    0x2  Code  Gb  stm32f1xx_it.o [2]
NMI_Handler              0x800'279d    0x2  Code  Gb  stm32f1xx_it.o [2]
NVIC_EncodePriority      0x800'0761   0x3c  Code  Lc  stm32f1xx_hal_cortex.o [4]
PendSV_Handler           0x800'27ab    0x2  Code  Gb  stm32f1xx_it.o [2]
RCC_Delay                0x800'0639   0x24  Code  Lc  stm32f1xx_hal_rcc.o [4]
Region$$Table$$Base      0x800'288c          --   Gb  - Linker created -
Region$$Table$$Limit     0x800'28b0          --   Gb  - Linker created -
SVC_Handler              0x800'27a7    0x2  Code  Gb  stm32f1xx_it.o [2]
Sinys                    0x800'138d   0x68  Code  Gb  main.o [2]
SysTick_Config           0x800'079d   0x2e  Code  Lc  stm32f1xx_hal_cortex.o [4]
SysTick_Handler          0x800'27ad    0x8  Code  Gb  stm32f1xx_it.o [2]
SystemClock_Config       0x800'1499   0x68  Code  Gb  main.o [2]
SystemCoreClock         0x2000'000c    0x4  Data  Gb  system_stm32f1xx.o [3]
SystemInit               0x800'2a05    0x2  Code  Gb  system_stm32f1xx.o [3]
TIM6_DAC_IRQHandler      0x800'27bf   0x10  Code  Gb  stm32f1xx_it.o [2]
TIM_Base_SetConfig       0x800'0c4b   0x98  Code  Gb  stm32f1xx_hal_tim.o [4]
TIM_CCxChannelCmd        0x800'0cfd   0x26  Code  Gb  stm32f1xx_hal_tim.o [4]
UsageFault_Handler       0x800'27a5    0x2  Code  Gb  stm32f1xx_it.o [2]
__NVIC_EnableIRQ         0x800'0721   0x1c  Code  Lc  stm32f1xx_hal_cortex.o [4]
__NVIC_GetPriorityGrouping
                         0x800'0717    0xa  Code  Lc  stm32f1xx_hal_cortex.o [4]
__NVIC_SetPriority       0x800'073d   0x24  Code  Lc  stm32f1xx_hal_cortex.o [4]
__NVIC_SetPriorityGrouping
                         0x800'06fd   0x1a  Code  Lc  stm32f1xx_hal_cortex.o [4]
__aeabi_cdcmple          0x800'24d9         Code  Gb  DblCmpLe.o [6]
__aeabi_d2f              0x800'1f11         Code  Gb  DblToFlt.o [6]
__aeabi_d2iz             0x800'275d         Code  Gb  DblToS32.o [6]
__aeabi_dadd             0x800'250d         Code  Gb  DblAddSub.o [6]
__aeabi_ddiv             0x800'18dd         Code  Gb  DblDiv.o [6]
__aeabi_dmul             0x800'1731         Code  Gb  DblMul.o [6]
__aeabi_f2iz             0x800'21d1         Code  Gb  FltToS32.o [6]
__aeabi_fadd             0x800'206d         Code  Gb  FltAddSub.o [6]
__aeabi_fmul             0x800'1f79         Code  Gb  FltMul.o [6]
__aeabi_i2d              0x800'170d         Code  Gb  S32ToDbl.o [6]
__aeabi_memset           0x800'16a5         Code  Gb  ABImemset.o [7]
__aeabi_ui2f             0x800'2051         Code  Gb  U32ToFlt.o [6]
__cmain                  0x800'28b1         Code  Gb  cmain.o [7]
__exit                   0x800'28e5   0x14  Code  Gb  exit.o [8]
__iar_Memset             0x800'16a5         Code  Gb  ABImemset.o [7]
__iar_Memset_word        0x800'16ad         Code  Gb  ABImemset.o [7]
__iar_Sin64              0x800'1b25  0x35c  Code  Lc  cos_sin64.o [6]
__iar_copy_init3         0x800'0d23   0x2a  Code  Gb  copy_init3.o [7]
__iar_data_init3         0x800'2865   0x28  Code  Gb  data_init.o [7]
__iar_program_start      0x800'28f9         Code  Gb  cstartup_M.o [7]
__iar_sin64              0x800'1f0d    0x4  Code  Gb  cos_sin64.o [6]
__iar_sin_medium         0x800'1f0d    0x4  Code  Gb  cos_sin64.o [6]
__iar_sin_medium64       0x800'1f0d    0x4  Code  Gb  cos_sin64.o [6]
__iar_sin_mediuml        0x800'1f0d    0x4  Code  Gb  cos_sin64.o [6]
__iar_zero_init3         0x800'27f5   0x38  Code  Gb  zero_init3.o [7]
__low_level_init         0x800'28cf    0x4  Code  Gb  low_level_init.o [5]
__vector_table           0x800'0000         Data  Gb  startup_stm32f100xb.o [1]
_call_main               0x800'28bd         Code  Gb  cmain.o [7]
_exit                    0x800'28d9         Code  Gb  cexit.o [7]
counter                 0x2000'0300    0x2  Data  Gb  main.o [2]
counter_encoder         0x2000'0000    0x4  Data  Gb  main.o [2]
exit                     0x800'28d3    0x4  Code  Gb  exit.o [5]
hdac                    0x2000'02e8   0x14  Data  Gb  main.o [2]
hdma_dac_ch1            0x2000'02a4   0x44  Data  Gb  main.o [2]
htim2                   0x2000'0214   0x48  Data  Gb  main.o [2]
htim6                   0x2000'025c   0x48  Data  Gb  main.o [2]
main                     0x800'13f5   0xa4  Code  Gb  main.o [2]
memset                   0x800'0eeb   0x14  Code  Gb  memset.o [7]
sin                      0x800'1f0d    0x4  Code  Gb  cos_sin64.o [6]
sine_value              0x2000'0014  0x200  Data  Gb  main.o [2]
sinl                     0x800'1f0d    0x4  Code  Gb  cos_sin64.o [6]
uwTick                  0x2000'02fc    0x4  Data  Gb  stm32f1xx_hal.o [4]
uwTickFreq              0x2000'0012    0x1  Data  Gb  stm32f1xx_hal.o [4]
uwTickPrio              0x2000'0008    0x4  Data  Gb  stm32f1xx_hal.o [4]


[1] = C:\stm32_progi\HAL\HAL_ENCOD_DAC\EWARM\HAL_ENCOD_DAC\Obj\Application\EWARM
[2] = C:\stm32_progi\HAL\HAL_ENCOD_DAC\EWARM\HAL_ENCOD_DAC\Obj\Application\User\Core
[3] = C:\stm32_progi\HAL\HAL_ENCOD_DAC\EWARM\HAL_ENCOD_DAC\Obj\Drivers\CMSIS
[4] = C:\stm32_progi\HAL\HAL_ENCOD_DAC\EWARM\HAL_ENCOD_DAC\Obj\Drivers\STM32F1xx_HAL_Driver
[5] = dl7M_tln.a
[6] = m7M_tl.a
[7] = rt7M_tl.a
[8] = shb_l.a

  10'654 bytes of readonly  code memory
     104 bytes of readonly  data memory
   1'793 bytes of readwrite data memory

Errors: none
Warnings: none
